[2026-08-27 15:06:16] Executando backup...
[0;32m[INFO][0m Backup do repositório: minificar-html
[0;34m[INFO][0m Detectando branch principal
[0;34m[INFO][0m Branch atual: main
[0;34m[INFO][0m Git pull
Already up to date.
[0;34m[INFO][0m Verificando arquivos grandes (≥100MB)...
[0;32m✅ Nenhum arquivo grande encontrado[0m
[0;34m[INFO][0m Git add .
[0;34m[INFO][0m Verificando limites adicionais...
(standard_in) 1: syntax error
(standard_in) 1: syntax error
[0;34m[INFO][0m Git commit
[main cf40696] backup automatico - 2026-08-27 15:06:17
 2 files changed, 10 insertions(+)
 create mode 100644 backup_git_5m.control
 create mode 100644 backup_git_5m.log
[0;34m[INFO][0m Git push
To https://github.com/andresilvacosta1992/minificar-html.git
   996f175..cf40696  main -> main
[0;32m[SUCCESS][0m Backup concluído!
[2026-08-27 15:06:19] Backup concluído com sucesso
Aguardando 5 minutos...

[2026-08-27 15:11:19] Executando backup...
[0;32m[INFO][0m Backup do repositório: minificar-html
[0;34m[INFO][0m Detectando branch principal
[0;34m[INFO][0m Branch atual: main
[0;34m[INFO][0m Git pull
Already up to date.
[0;34m[INFO][0m Verificando arquivos grandes (≥100MB)...
[0;32m✅ Nenhum arquivo grande encontrado[0m
[0;34m[INFO][0m Git add .
[0;34m[INFO][0m Verificando limites adicionais...
(standard_in) 1: syntax error
(standard_in) 1: syntax error
[0;34m[INFO][0m Git commit
[main 7750e58] backup automatico - 2026-08-27 15:11:20
 2 files changed, 24 insertions(+)
 create mode 100644 minificar-html.sh
[0;34m[INFO][0m Git push
To https://github.com/andresilvacosta1992/minificar-html.git
   cf40696..7750e58  main -> main
[0;32m[SUCCESS][0m Backup concluído!
[2026-08-27 15:11:23] Backup concluído com sucesso
Aguardando 5 minutos...

[2026-08-27 15:16:23] Executando backup...
[0;32m[INFO][0m Backup do repositório: minificar-html
[0;34m[INFO][0m Detectando branch principal
[0;34m[INFO][0m Branch atual: main
[0;34m[INFO][0m Git pull
Already up to date.
[0;34m[INFO][0m Verificando arquivos grandes (≥100MB)...
[0;32m✅ Nenhum arquivo grande encontrado[0m
[0;34m[INFO][0m Git add .
[0;34m[INFO][0m Verificando limites adicionais...
(standard_in) 1: syntax error
(standard_in) 1: syntax error
[0;34m[INFO][0m Git commit
[main 278e31f] backup automatico - 2026-08-27 15:16:23
 1 file changed, 23 insertions(+)
[0;34m[INFO][0m Git push
To https://github.com/andresilvacosta1992/minificar-html.git
   7750e58..278e31f  main -> main
[0;32m[SUCCESS][0m Backup concluído!
[2026-08-27 15:16:26] Backup concluído com sucesso
Aguardando 5 minutos...

[2026-08-27 15:21:26] Executando backup...
[0;32m[INFO][0m Backup do repositório: minificar-html
[0;34m[INFO][0m Detectando branch principal
[0;34m[INFO][0m Branch atual: main
[0;34m[INFO][0m Git pull
Already up to date.
[0;34m[INFO][0m Verificando arquivos grandes (≥100MB)...
[0;32m✅ Nenhum arquivo grande encontrado[0m
[0;34m[INFO][0m Git add .
[0;34m[INFO][0m Verificando limites adicionais...
(standard_in) 1: syntax error
(standard_in) 1: syntax error
[0;34m[INFO][0m Git commit
[main dddaf4e] backup automatico - 2026-08-27 15:21:26
 2 files changed, 22 insertions(+), 1 deletion(-)
 delete mode 100644 README.md
[0;34m[INFO][0m Git push
To https://github.com/andresilvacosta1992/minificar-html.git
   278e31f..dddaf4e  main -> main
[0;32m[SUCCESS][0m Backup concluído!
[2026-08-27 15:21:28] Backup concluído com sucesso
Aguardando 5 minutos...

[2026-08-27 15:26:28] Executando backup...
[0;32m[INFO][0m Backup do repositório: minificar-html
[0;34m[INFO][0m Detectando branch principal
[0;34m[INFO][0m Branch atual: main
[0;34m[INFO][0m Git pull
Already up to date.
[0;34m[INFO][0m Verificando arquivos grandes (≥100MB)...
[0;32m✅ Nenhum arquivo grande encontrado[0m
[0;34m[INFO][0m Git add .
[0;34m[INFO][0m Verificando limites adicionais...
(standard_in) 1: syntax error
(standard_in) 1: syntax error
[0;34m[INFO][0m Git commit
[main 8ae9575] backup automatico - 2026-08-27 15:26:48
 9 files changed, 299 insertions(+)
 create mode 100644 .gitignore
 create mode 100644 LICENSE
 create mode 100644 README.md
 create mode 100644 pyproject.toml
 create mode 100644 src/minificar_html/__init__.py
 create mode 100644 src/minificar_html/cli.py
 create mode 100644 src/minificar_html/core.py
 create mode 100644 tests/test_minificar_html.py
[0;34m[INFO][0m Git push
To https://github.com/andresilvacosta1992/minificar-html.git
   dddaf4e..8ae9575  main -> main
[0;32m[SUCCESS][0m Backup concluído!
[2026-08-27 15:26:51] Backup concluído com sucesso
Aguardando 5 minutos...

[2026-08-27 15:31:51] Executando backup...
[0;32m[INFO][0m Backup do repositório: minificar-html
[0;34m[INFO][0m Detectando branch principal
[0;34m[INFO][0m Branch atual: main
[0;34m[INFO][0m Git pull
Already up to date.
[0;34m[INFO][0m Verificando arquivos grandes (≥100MB)...
[0;32m✅ Nenhum arquivo grande encontrado[0m
[0;34m[INFO][0m Git add .
[0;34m[INFO][0m Verificando limites adicionais...
(standard_in) 1: syntax error
(standard_in) 1: syntax error
[0;34m[INFO][0m Git commit
[main 17c7890] backup automatico - 2026-08-27 15:32:09
 1 file changed, 30 insertions(+)
[0;34m[INFO][0m Git push
To https://github.com/andresilvacosta1992/minificar-html.git
   8ae9575..17c7890  main -> main
[0;32m[SUCCESS][0m Backup concluído!
[2026-08-27 15:32:12] Backup concluído com sucesso
Aguardando 5 minutos...

[2026-08-27 15:37:12] Executando backup...
[0;32m[INFO][0m Backup do repositório: minificar-html
[0;34m[INFO][0m Detectando branch principal
[0;34m[INFO][0m Branch atual: main
[0;34m[INFO][0m Git pull
Already up to date.
[0;34m[INFO][0m Verificando arquivos grandes (≥100MB)...
[0;32m✅ Nenhum arquivo grande encontrado[0m
[0;34m[INFO][0m Git add .
